* installing *source* package 'MS2DecR' ...
** using staged installation
** R
** data
*** moving datasets to lazyload DB
** demo
** inst
** byte-compile and prepare package for lazy loading
Warning in fun(libname, pkgname) :
  mzR has been built against a different Rcpp version (1.0.11)
than is installed on your system (1.0.13). This might lead to errors
when loading mzR. If you encounter such issues, please send a report,
including the output of sessionInfo() to the Bioc support forum at 
https://support.bioconductor.org/. For details see also
https://github.com/sneumann/mzR/wiki/mzR-Rcpp-compiler-linker-issue.
** help
*** installing help indices
** building package indices
** testing if installed package can be loaded from temporary location
Warning in fun(libname, pkgname) :
  mzR has been built against a different Rcpp version (1.0.11)
than is installed on your system (1.0.13). This might lead to errors
when loading mzR. If you encounter such issues, please send a report,
including the output of sessionInfo() to the Bioc support forum at 
https://support.bioconductor.org/. For details see also
https://github.com/sneumann/mzR/wiki/mzR-Rcpp-compiler-linker-issue.
** testing if installed package can be loaded from final location
Warning in fun(libname, pkgname) :
  mzR has been built against a different Rcpp version (1.0.11)
than is installed on your system (1.0.13). This might lead to errors
when loading mzR. If you encounter such issues, please send a report,
including the output of sessionInfo() to the Bioc support forum at 
https://support.bioconductor.org/. For details see also
https://github.com/sneumann/mzR/wiki/mzR-Rcpp-compiler-linker-issue.
** testing if installed package keeps a record of temporary installation path
* DONE (MS2DecR)
